--- GODconf v1.0 Report ---
Generated on: 2026-10-06T18:02:58.152550
========================================

**Overall Summary:**
  - Repositories Scanned: 5
  - Total Files Analyzed: 2101
  - Total Unique Links Found: 1845
  - Links per File Ratio: 0.88
  - AI Success Rate: 100.00%
  - Total Execution Time: 32.97 seconds

**Repository Breakdown:**
  - mahdibland/V2RayAggregator:
    - Status: Success
    - Files Analyzed: 1589
    - Links Found: 1584
    - Scan Time: 11.89s
    - AI Success: 44/44 (100.0%)
  - SoliSpirit/v2ray-configs:
    - Status: Success
    - Files Analyzed: 124
    - Links Found: 124
    - Scan Time: 2.15s
    - AI Success: 124/124 (100.0%)
  - itsyebekhe/PSG:
    - Status: Success
    - Files Analyzed: 317
    - Links Found: 71
    - Scan Time: 4.55s
    - AI Success: 249/249 (100.0%)
  - barry-far/V2ray-Config:
    - Status: Success
    - Files Analyzed: 53
    - Links Found: 53
    - Scan Time: 1.11s
    - AI Success: 48/48 (100.0%)
  - mahsanet/MahsaFreeConfig:
    - Status: Success
    - Files Analyzed: 18
    - Links Found: 13
    - Scan Time: 0.65s
    - AI Success: 14/14 (100.0%)

========================================
Report generated successfully.